// Vitest Snapshot v1, https://vitest.dev/guide/snapshot.html

exports[`RequiredTextField.vue > renders correctly with default props 1`] = `
"<div class="v-input v-input--horizontal v-input--center-affix v-input--density-default v-locale--is-ltr v-text-field mt-4">
  <!---->
  <div class="v-input__control">
    <div class="v-field v-field--appended v-field--center-affix v-field--no-label v-field--variant-outlined v-theme--light v-locale--is-ltr">
      <div class="v-field__overlay"></div>
      <div class="v-field__loader">
        <div class="v-progress-linear v-theme--light v-locale--is-ltr" style="top: 0px; height: 0px; --v-progress-linear-height: 2px; left: 50%; transform: translateX(-50%);" role="progressbar" aria-hidden="true" aria-valuemin="0" aria-valuemax="100">
          <!---->
          <div class="v-progress-linear__background" style="width: 100%;"></div>
          <transition-stub name="fade-transition" appear="false" persisted="false" css="true">
            <div class="v-progress-linear__indeterminate">
              <div class="v-progress-linear__indeterminate long"></div>
              <div class="v-progress-linear__indeterminate short"></div>
            </div>
          </transition-stub>
          <!---->
        </div>
      </div>
      <!---->
      <div class="v-field__field" data-no-activator="">
        <!----><label class="v-label v-field-label" for="input-0">
          <!---->
          <!---->
        </label>
        <!----><input size="1" type="text" id="input-0" aria-describedby="input-0-messages" rows="1" class="v-field__input">
        <!---->
      </div>
      <transition-stub name="expand-x-transition" appear="false" persisted="false" css="true">
        <div class="v-field__clearable" style="display: none;"><i class="mdi-close-circle mdi v-icon notranslate v-theme--light v-icon--size-default v-icon--clickable" role="button" aria-hidden="false" tabindex="0" aria-label="Clear "></i></div>
      </transition-stub>
      <div class="v-field__append-inner">
        <!---->
        <!---->
      </div>
      <div class="v-field__outline">
        <div class="v-field__outline__start"></div>
        <!---->
        <div class="v-field__outline__end"></div>
        <!---->
      </div>
    </div>
  </div>
  <!---->
  <div class="v-input__details">
    <transition-group-stub name="slide-y-transition" tag="div" appear="false" persisted="false" css="true" class="v-messages" role="alert" aria-live="polite" id="input-0-messages">
      <!---->
    </transition-group-stub>
    <!---->
  </div>
</div>"
`;
